// Jest Snapshot v1, https://goo.gl/fbAQLP

exports[`tests the TeamDetail component renders TeamDetail component 1`] = `
<Card>
  <CardSection>
    <View
      style={
        Object {
          "alignItems": "center",
          "justifyContent": "center",
          "marginLeft": 10,
          "marginRight": 10,
        }
      }
    >
      <Image
        source={
          Object {
            "uri": undefined,
          }
        }
        style={
          Object {
            "height": 50,
            "width": 50,
          }
        }
      />
    </View>
  </CardSection>
  <CardSection>
    <Button />
  </CardSection>
</Card>
`;
